<?xml version="1.0" encoding="utf-8"?>
<ApiResponse Status="OK" xmlns="http://api.namecheap.com/xml.response">
  <Errors />
  <Warnings />
  <RequestedCommand>namecheap.domains.check</RequestedCommand>
  <CommandResponse Type="namecheap.domains.check">
    <DomainCheckResult Domain="sneaksneak.org" Available="false" ErrorNo="0" Description="" IsPremiumName="false" PremiumRegistrationPrice="0" PremiumRenewalPrice="0" PremiumRestorePrice="0" PremiumTransferPrice="0" IcannFee="0" EapFee="0" />
  </CommandResponse>
  <Server>PHX01APIEXT02</Server>
  <GMTTimeDifference>--5:00</GMTTimeDifference>
  <ExecutionTime>0.458</ExecutionTime>
</ApiResponse>
[alex@Alex] [~/workspace/git/domain_brute]
20:24:45$ python brute.py ajfi.pw
ajfi.pw
<?xml version="1.0" encoding="utf-8"?>
<ApiResponse Status="OK" xmlns="http://api.namecheap.com/xml.response">
  <Errors />
  <Warnings />
  <RequestedCommand>namecheap.domains.check</RequestedCommand>
  <CommandResponse Type="namecheap.domains.check">
    <DomainCheckResult Domain="ajfi.pw" Available="false" ErrorNo="0" Description="" IsPremiumName="false" PremiumRegistrationPrice="0" PremiumRenewalPrice="0" PremiumRestorePrice="0" PremiumTransferPrice="0" IcannFee="0" EapFee="0" />
  </CommandResponse>
  <Server>PHX01APIEXT02</Server>
  <GMTTimeDifference>--5:00</GMTTimeDifference>
  <ExecutionTime>1.216</ExecutionTime>
</ApiResponse>
